[    0.00000]Intializin cgroupsuys cpse
[    0.000] nializing cgousubsys cu[    0.0000] Initalzing cgroup subsys cpuacct
[    0.000000] Linux version 4.4.0-116-generic (buildd@lgw01-amd64-021) (gcc version 5.4.0 20160609 (Ubuntu 5.4.0-6ubuntu1~16.04.9) ) #140-Uuntu SMP Mon Feb 12 21:23:04 UTC 2018(Ubuntu 4.4.0-116.140-generic 4.4.98)
[    0.000000] Cmmd lin: OT_IMAGE/bt/vmlnu4.4.0-11-geric ooUUID=24fd8-31a9-4d-b91f-546a54717cb r console=tty1 console=ttyS0
[    0.000000] KERNEL supported cpus:
[    0.000000]   Intel GenuineIntel
[    0.000000]   AMD AuthenticAMD
[    0.000000]   Centaur CentaurHauls
[    0.000000] x86/fpu: Legacy x87 FPU detected.
[    0.000000] x86/fpu: Using 'lazy' FPU context switches.
[    0.000000] e820: BIOS-provided physical RAM map:
[    0.000000] BIOS-e820: [mem 0x0000000000000000-0x000000000009fbff] usable
[    0.000000] BIOS-e820: [mem 0x000000000009fc00-0x000000000009ffff] reserved
[    0.000000] BIOS-e820: [mem 0x00000000000f0000-0x00000000000fffff] reserved
[    0.000000] BIOS-e820: [mem 0x0000000000100000-0x000000003ffeffff] usable
[    0.000000] BIOS-e820: [mem 0x000000003fff0000-0x000000003fffffff] ACPI data
[    0.000000] BIOS-e820: [mem 0x00000000fffc0000-0x00000000ffffffff] reserved
[    0.000000] NX (Execute Disable) protection: active
[    0.000000] SMBIOS 2.5 present.
[    0.000000] Hypervisor detected: KVM
[    0.000000] e820: last_pfn = 0x3fff0 max_arch_pfn = 0x400000000
[    0.000000] MTRR: Disabled
[    0.000000] x86/PAT: MTRRs disabled, skipping PAT initialization too.
[    0.000000] CPU MTRRs all blank - virtualized system.
[    0.000000] x86/PAT: Configuration [0-7]: WB  WT  UC- UC  WB  WT  UC- UC  
[    0.000000] found SMP MP-table at [mem 0x0009fff0-0x0009ffff] mapped at [ffff88000009fff0]
[    0.000000] Scanning 1 areas for low memory corruption
[    0.000000] RAMDISK: [mem 0x3621e000-0x37106fff]
[    0.000000] ACPI: Early table checksum verification disabled
[    0.000000] ACPI: RSDP 0x00000000000E0000 000024 (v02 VBOX  )
[    0.000000] ACPI: XSDT 0x000000003FFF0030 00003C (v01 VBOX   VBOXXSDT 00000001 ASL  00000061)
[    0.000000] ACPI: FACP 0x000000003FFF00F0 0000F4 (v04 VBOX   VBOXFACP 00000001 ASL  00000061)
[    0.000000] ACPI: DSDT 0x000000003FFF0470 002118 (v01 VBOX   VBOXBIOS 00000002 INTL 20160108)
[    0.000000] ACPI: FACS 0x000000003FFF0200 000040
[    0.000000] ACPI: FACS 0x000000003FFF0200 000040
[    0.000000] ACPI: APIC 0x000000003FFF0240 00005C (v02 VBOX   VBOXAPIC 00000001 ASL  00000061)
[    0.000000] ACPI: SSDT 0x000000003FFF02A0 0001CC (v01 VBOX   VBOXCPUT 00000002 INTL 20160108)
[    0.000000] No NUMA configuration found
[    0.000000] Faking a node at [mem 0x0000000000000000-0x000000003ffeffff]
[    0.000000] NODE_DATA(0) allocated [mem 0x3ffeb000-0x3ffeffff]
[    0.000000] kvm-clock: Using msrs 4b564d01 and 4b564d00
[    0.000000] kvm-clock: cpu 0, msr 0:3ffe3001, primary cpu clock
[    0.000000] kvm-clock: using sched offset of 3843430736 cycles
[    0.000000] clocksource: kvm-clock: mask: 0xffffffffffffffff max_cycles: 0x1cd42e4dffb, max_idle_ns: 881590591483 ns
[    0.000000] Zone ranges:
[    0.000000]   DMA      [mem 0x0000000000001000-0x0000000000ffffff]
[    0.000000]   DMA32    [mem 0x0000000001000000-0x000000003ffeffff]
[    0.000000]   Normal   empty
[    0.000000]   Device   empty
[    0.000000] Movable zone start for each node
[    0.000000] Early memory node ranges
[    0.000000]   node   0: [mem 0x0000000000001000-0x000000000009efff]
[    0.000000]   node   0: [mem 0x0000000000100000-0x000000003ffeffff]
[    0.000000] Initmem setup node 0 [mem 0x0000000000001000-0x000000003ffeffff]
[    0.000000] ACPI: PM-Timer IO Port: 0x4008
[    0.000000] IOAPIC[0]: apic_id 2, version 17, address 0xfec00000, GSI 0-23
[    0.000000] ACPI: INT_SRC_OVR (bus 0 bus_irq 0 global_irq 2 dfl dfl)
[    0.000000] ACPI: INT_SRC_OVR (bus 0 bus_irq 9 global_irq 9 high level)
[    0.000000] Using ACPI (MADT) for SMP configuration information
[    0.000000] smpboot: Allowing 2 CPUs, 0 hotplug CPUs
[    0.000000] PM: Registered nosave memory: [mem 0x00000000-0x00000fff]
[    0.000000] PM: Registered nosave memory: [mem 0x0009f000-0x0009ffff]
[    0.000000] PM: Registered nosave memory: [mem 0x000a0000-0x000effff]
[    0.000000] PM: Registered nosave memory: [mem 0x000f0000-0x000fffff]
[    0.000000] e820: [mem 0x40000000-0xfffbffff] available for PCI devices
[    0.000000] Booting paravirtualized kernel on KVM
[    0.000000] clocksource: refined-jiffies: mask: 0xffffffff max_cycles: 0xffffffff, max_idle_ns: 7645519600211568 ns
[    0.000000] setup_percpu: NR_CPUS:512 nr_cpumask_bits:52 nr_cpu_ids:2 nr_node_ids:1
[    0.000000] PERCPU: Embedded 34 pages/cpu @ffff88003fc00000 s99544 r8192 d31528 u1048576
[    0.000000] PV qspinlock hash table entries: 256 (order: 0, 4096 bytes)
[    0.000000] Built 1 zonelists in Node ordder, mobility grouping on.  Total pages: 257913
[    0.000000] Policy zone: DMA32
[    0.000000] Kernel command line: BOOT_IMAGE=/boot/vmlinuz-4.4.0-116-generic root=UUID=24bfdb68-31a9-4b1d-b91f-546a54717cb9 ro console=tty1 console=ttyS0
[    0.000000] PID hash table entries: 4096 (order: 3, 32768 bytes)
[    0.000000] Memory: 997264K/1048120K available (8530K kernel code, 1309K rwdata, 3992K rodata, 1508K init, 1316K bss, 50856K reserved, 0K cma-reserved)
[    0.000000] SLUB: HWalign=64, Order=0-3, MinObjects=0, CPUs=2, Nodes=1
[    0.000000] Kernel/User page tables isolation: enabled
[    0.000000] Hierarchical RCU implementation.
[    0.000000] 	Build-time adjustment of leaf fanout to 64.
[    0.000000] 	RCU restricting CPUs from NR_CPUS=512 to nr_cpu_ids=2.
[    0.000000] RCU: Adjusting geometry for rcu_fanout_leaf=64, nr_cpu_ids=2
[    0.000000] NR_IRQS:33024 nr_irqs:440 16
[    0.000000] Console: colour VGA+ 80x25
[    0.000000] console [tty1] enabled
[    0.000000] console [ttyS0] enabled
[    0.000000] tsc: Detected 2393.928 MHz processor
[    1.339213] Calibrating delay loop (skipped) preset value.. 4787.85 BogoMIPS (lpj=9575712)
[    1.341261] pid_max: default: 32768 minimum: 301
[   1.342489] ACPI: Core reviion 20150930
[    1.375488] ACPI: 2 ACPI AML tables successfully acquired and loaded
[    1.380243] Security Framework initialized
[    1.381266] Yama: becoming mindful.
[    1.382200] AppArmor: AppArmor initialized
[    1.383396] Dentry cache hash table entries: 131072 (order: 8, 1048576 bytes)
[    1.388465] Inode-cache hash table entries: 65536 (order: 7, 524288 bytes)
[    1.403438] Mount-cache hash table entries: 2048 (order: 2, 16384 bytes)
[    1.411563] Mountpoint-cache hash table entries: 2048 (order: 2, 16384 bytes)
[    1.413386] Initializing cgroup subsys io
[    1.415550] Initializing cgroup subsys memory
[    1.416628] Initializing cgroup subsys devices
[    1.417722] Initializing cgroup subsys freezer
[    1.418887] Initializing cgroup subsys net_cls
[    1.419977] Initializing cgroup subsys perf_event
[    1.421110] Initializing cgroup subsys net_prio
[    1.422377] Initializing cgroup subsys hugetlb
[    1.425049] Initializing cgroup subsys pids
[    1.426209] CPU: Physical Processor ID: 0
[    1.431273] CPU: Processor Core ID: 0
[    1.432232] FEATURE SPEC_CTRL Not Present
[    1.433243] mce: CPU supports 0 MCE banks
[    1.434370] Last level iTLB entries: 4KB 512, 2MB 7, 4MB 7
[    1.439625] Last level dTLB entries: 4KB 512, 2MB 32, 4MB 32, 1GB 0
[    1.441044] Spectre V2 mitigation: Mitigation: Full generic retpoline
[    1.442651] Spectre V2 mitigation: Speculation control IBPB not-supported IBRS not-supported
[    1.448004] Freeing SMP alternatives memory: 32K
[    1.461050] ftrace: allocating 32186 entries in 126 pages
[    1.523096] smpboot: APIC(0) Converting physical 0 to logical package 0
[    1.531269] smpboot: Max logical packages: 1
[    1.533703] ..TIMER: vector=0x30 apic1=0 pin1=2 apic2=-1 pin2=-1
[    1.646150] smpboot: CPU0: Intel(R) Core(TM) i5 CPU       M 520  @ 2.40GHz (family: 0x6, model: 0x25, stepping: 0x5)
[    1.656672] Performance Events: unsupported p6 CPU model 37 no PMU driver, software events only.
[    1.664336] KVM setup paravirtual spinlock
[    1.666229] x86: Booting SMP configuration:
[    1.675107] .... node  #0, CPUs:      #1
[    1.676275] kvm-clock: cpu 1, msr 0:3ffe3041, secondary cpu clock
[    1.679206] mce: CPU supports 0 MCE banks
[    1.681727] x86: Booted up 1 node, 2 CPUs
[    1.684150] smpboot: Total of 2 processors activated (9575.71 BogoMIPS)
[    1.686303] devtmpfs: initialized
[    1.690114] evm: security.selinux
[    1.692089] evm: security.SMACK64
[    1.692975] evm: security.SMACK64EXEC
[    1.693955] evm: security.SMACK64TRANSMUTE
[    1.695062] evm: security.SMACK64MMAP
[    1.696013] evm: security.ima
[    1.696836] evm: security.capability
[    1.698096] clocksource: jiffies: mask: 0xffffffff max_cycles: 0xffffffff, max_idle_ns: 7645041785100000 ns
[    1.704360] futex hash table entries: 512 (order: 3, 32768 bytes)
[    1.707191] pinctrl core: initialized pinctrl subsystem
[    1.710690] RTC time: 11:56:51, date: 03/07/18
[    1.717583] NET: Registered protocol family 16
[    1.730603] cpuidle: using governor ladder
[    1.746142] cpuidle: using governor menu
[    1.757961] PCCT header not found.
[    1.770255] ACPI: bus type PCI registered
[    1.778140] acpiphp: ACPI Hot Plug PCI Controller Driver version: 0.5
[    1.803315] PCI: Using configuration type 1 for base access
[    1.824649] ACPI: Added _OSI(Module Device)
[    1.859116] ACPI: Added _OSI(Processor Device)
[    1.890313] ACPI: Added _OSI(3.0 _SCP Extensions)
[    1.931906] ACPI: Added _OSI(Processor Aggregator Device)
[    1.985181] ACPI: Executed 1 blocks of module-level executable AML code
[    2.057593] ACPI: Interpreter enabled
[    2.085849] ACPI: (supports S0 S5)
[    2.125709] ACPI: Using IOAPIC for interrupt routing
[    2.170012] PCI: Using host bridge windows from ACPI; if necessary, use "pci=nocrs" and report a bug
[    2.212557] ACPI: PCI Root Bridge [PCI0] (domain 0000 [bus 00-ff])
[    2.213731] acpi PNP0A03:00: _OSC: OS supports [ASPM ClockPM Segments MSI]
[    2.214999] acpi PNP0A03:00: _OSC failed (AE_NOT_FOUND); disabling ASPM
[    2.216185] acpi PNP0A03:00: fail to add MMCONFIG information, can't access extended PCI configuration space under this bridge.
[    2.218584] PCI host bridge to bus 0000:00
[    2.219429] pci_bus 0000:00: root bus resource [io  0x0000-0x0cf7 window]
[    2.220615] pci_bus 0000:00: root bus resource [io  0x0d00-0xffff window]
[    2.221835] pci_bus 0000:00: root bus resource [mem 0x000a0000-0x000bffff window]
[    2.223419] pci_bus 0000:00: root bus resource [mem 0x40000000-0xffdfffff window]
[    2.224966] pci_bus 0000:00: root bus resource [bus 00-ff]
[    2.227646] pci 0000:00:01.1: legacy IDE quirk: reg 0x10: [io  0x01f0-0x01f7]
[    2.231871] pci 0000:00:01.1: legacy IDE quirk: reg 0x14: [io  0x03f6]
[    2.233032] pci 0000:00:01.1: legacy IDE quirk: reg 0x18: [io  0x0170-0x0177]
[    2.234318] pci 0000:00:01.1: legacy IDE quirk: reg 0x1c: [io  0x0376]
[    2.291133] ACPI: PCI Interrupt Link [LNKA] (IRQs 5 9 10 11) *0, disabled.
[    2.468778] ACPI: PCI Interrupt Link [LNKB] (IRQs 5 9 10 *11)
[    2.613956] ACPI: PCI Interrupt Link [LNKC] (IRQs 5 9 *10 11)
[    2.636229] ACPI: PCI Interrupt Link [LNKD] (IRQs 5 *9 10 11)
[    2.687526] ACPI: Enabled 2 GPEs in block 00 to 07
[    2.726807] vgaarb: setting as boot device: PCI:0000:00:02.0
[    2.769859] vgaarb: device added: PCI:0000:00:02.0,decodes=io+mem,owns=io+mem,locks=none
[    2.827582] vgaarb: loaded
[    2.828406] vgaarb: bridge control possible 0000:00:02.0
[    2.841705] SCSI subsystem initialized
[    2.851292] ACPI: bus type USB registered
[    2.874123] usbcore: registered new interface driver usbfs
[    2.926533] usbcore: registered new interface driver hub
[    3.079345] usbcore: registered new device driver usb
[    3.224179] PCI: Using ACPI for IRQ routing
[    3.322460] NetLabel: Initializing
[    3.420050] NetLabel:  domain hash size = 128
[    3.543259] NetLabel:  protocols = UNLABELED CIPSOv4
[    3.692282] NetLabel:  unlabeled traffic allowed by default
[    3.852800] amd_nb: Cannot enumerate AMD northbridges
[    3.914988] clocksource: Switched to clocksource kvm-clock
[    3.931409] AppArmor: AppArmor Filesystem Enabled
[    3.937895] pnp: PnP ACPI init
[  3.946529] pnp: PnP ACPI: found 3 devices

[   02510] clocksorc ai_: sk0xff m_cle 0fff,axdlns205702 n
[    .173 N: gier ptol mi 2
[    .705 T eabsh hh able entries: 8192 (order: 4, 6553 bes
[  6842]CPinha tlentes81 (de 51372ytes)
[   7.485]CPHa tleconfgure(eabsh 82 nd19
  7.628] UDPha tlentries: 512 (order: 2, 16384 bytes)
[    8.355853] UDP-Lite hash table entries: 512 (order: 2, 16384 bytes)
[    8.357091] NET: Registered protocol family 1
[    8.357988] pci 0000:00:00.0: Limiting direct PCI/PCI transfers
[    8.359152] pci 0000:00:01.0: Activating ISA DMA hang workarounds
[    8.360428] Unpacking initramfs...

[    8.636674] Freeing initrd memory: 15268K
[    8.645336] platform rtc_cmos: registered platform RTC device (no PNP device found)
[    8.656100] Scanning for low memory corruption every 60 seconds
[    8.665317] audit: initializing netlink subsys (disabled)
[    8.725191] audit: type=2000 audit(1520423820.651:1): initialized
[    8.726868] Initialise system trusted keyring
[    8.735570] HugeTLB registered 2 MB page size, pre-allocated 0 pages
[    8.746992] zbud: loaded
[    8.759258] VFS: Disk quotas dquot_6.6.0
[    8.765047] VFS: Dquot-cache hash table entries: 512 (order 0, 4096 bytes)
[    8.772478] squashfs: version 4.0 (2009/01/31) Phillip Lougher
[    8.775781] fuse init (API version 7.23)
[    8.783634] Key type big_key registered
[    8.795059] Allocating IMA MOK and blacklist keyrings.
[    8.800170] Key type asymmetric registered
[    8.805084] Asymmetric key parser 'x509' registered
[    8.806431] Block layer SCSI generic (bsg) driver version 0.4 loaded (major 249)
[    8.816621] io scheduler noop registered
[    8.817617] io scheduler deadline registered (default)
[    8.818884] io scheduler cfq registered
[    8.825100] pci_hotplug: PCI Hot Plug PCI Core version: 0.5
[    8.831838] pciehp: PCI Express Hot Plug Controller Driver version: 0.4
[    8.833507] ACPI: AC Adapter [AC] (on-line)
[    8.843717] input: Power Button as /devices/LNXSYSTM:00/LNXPWRBN:00/input/input0
[    8.854786] ACPI: Power Button [PWRF]
[    8.865080] input: Sleep Button as /devices/LNXSYSTM:00/LNXSLPBN:00/input/input1
[    8.868321] ACPI: Sleep Button [SLPF]
[    8.870204] ACPI: Battery Slot [BAT0] (battery present)
[    8.875400] GHES: HEST is not enabled!
[    8.891223] Serial: 8250/16550 driver, 32 ports, IRQ sharing enabled
[    9.200667] 00:02: ttyS0 at I/O 0x3f8 (irq = 4, base_baud = 115200) is a 16550A
[    9.377514] Linux agpgart interface v0.103
[    9.411369] loop: module loaded
[    9.451929] scsi host0: ata_piix
[    9.454877] scsi host1: ata_piix
[    9.564579] ata1: PATA max UDMA/33 cmd 0x1f0 ctl 0x3f6 bmdma 0xd000 irq 14
[    9.703586] ata2: PATA max UDMA/33 cmd 0x170 ctl 0x376 bmdma 0xd008 irq 15
[    9.709477] tsc: Refined TSC clocksource calibration: 2393.348 MHz
[    9.714817] clocksource: tsc: mask: 0xffffffffffffffff max_cycles: 0x227fabb0be0, max_idle_ns: 440795324337 ns
[    9.715075] libphy: Fixed MDIO Bus: probed
[    9.715078] tun: Universal TUN/TAP device driver, 1.6
[    9.715078] tun: (C) 1999-2004 Max Krasnyansky <maxk@qualcomm.com>
[    9.721184] PPP generic driver version 2.4.2
[    9.722231] ehci_hcd: USB 2.0 'Enhanced' Host Controller (EHCI) Driver
[    9.725525] ehci-pci: EHCI PCI platform driver
[    9.726793] ehci-platform: EHCI generic platform driver
[    9.735709] ohci_hcd: USB 1.1 'Open' Host Controller (OHCI) Driver
[    9.737555] ohci-pci: OHCI PCI platform driver
[    9.738904] ohci-platform: OHCI generic platform driver
[    9.740217] uhci_hcd: USB Universal Host Controller Interface driver
[    9.741751] i8042: PNP: PS/2 Controller [PNP0303:PS2K,PNP0f03:PS2M] at 0x60,0x64 irq 1,12
[    9.746612] serio: i8042 KBD port at 0x60,0x64 irq 1
[    9.751701] serio: i8042 AUX port at 0x60,0x64 irq 12
[    9.754711] mousedev: PS/2 mouse device common for all mice
[    9.764525] rtc_cmos rtc_cmos: rtc core: registered rtc_cmos as rtc0
[   10.005929] rtc_cmos rtc_cmos: alarms up to one day, 114 bytes nvram
[   10.351130] input: AT Translated Set 2 keyboard as /devices/platform/i8042/serio0/input/input2
[   10.516392] i2c /dev entries driver
[   10.517552] device-mapper: uevent: version 1.0.3
[   10.518905] device-mapper: ioctl: 4.34.0-ioctl (2015-10-28) initialised: dm-devel@redhat.com
[   10.523126] ledtrig-cpu: registered to indicate activity on CPUs
[   10.525638] NET: Registered protocol family 10
[   10.674990] NET: Registered protocol family 17
[   10.867107] Key type dns_resolver registered
[   11.010497] microcode: CPU0 sig=0x20655, pf=0x4, revision=0x616
[   11.026150] microcode: CPU1 sig=0x20655, pf=0x4, revision=0x616
[   11.091468] microcode: Microcode Update Driver: v2.01 <tigran@aivazian.fsnet.co.uk>, Peter Oruba
[   11.128392] registered taskstats version 1
[   11.142354] Loading compiled-in X.509 certificates
[   11.145888] Loaded X.509 cert 'Build time autogenerated kernel key: aa84f01984fbd529c105810b59e379d349698248'
[   11.156495] zswap: loaded using pool lzo/zbud
[   11.168566] Key type trusted registered
[   11.195395] Key type encrypted registered
[   11.284712] AppArmor: AppArmor sha1 policy hashing enabled
[   11.285766] ima: No TPM chip found, activating TPM-bypass!
[   11.286878] evm: HMAC attrs: 0x1
[   11.288256]   Magic number: 10:562:933
[   11.291678] rtc_cmos rtc_cmos: setting system clock to 2018-03-07 11:57:01 UTC (1520423821)
[   11.296561] BIOS EDD facility v0.16 2004-Jun-25, 0 devices found
[   11.303632] EDD information not available.
[   11.317005] Freeing unused kernel memory: 1508K
[   11.363179] Write protecting the kernel read-only data: 14336k
[   11.375710] Freeing unused kernel memory: 1700K
[   11.400023] Freeing unused kernel memory: 104K
Loading, please wait...
starting version[   11.480484] random: systemd-udevd: uninitialized urandom read (16 bytes read, 3 bits of entropy available)
 229
[   11.481744] random: udevadm: uninitialized urandom read (16 bytes read, 3 bits of entropy available)
[   11.481788] random: udevadm: uninitialized urandom read (16 bytes read, 3 bits of entropy available)
[   11.501094] random: udevadm: uninitialized urandom read (16 bytes read, 3 bits of entropy available)
[   11.501169] random: udevadm: uninitialized urandom read (16 bytes read, 3 bits of entropy available)
[   11.501430] random: udevadm: uninitialized urandom read (16 bytes read, 3 bits of entropy available)
[   11.501534] random: udevadm: uninitialized urandom read (16 bytes read, 3 bits of entropy available)
[   11.501636] random: udevadm: uninitialized urandom read (16 bytes read, 3 bits of entropy available)
[   11.501737] random: udevadm: uninitialized urandom read (16 bytes read, 3 bits of entropy available)
[   11.501846] random: udevadm: uninitialized urandom read (16 bytes read, 3 bits of entropy available)
[   11.742704] e1000: Intel(R) PRO/1000 Network Driver - version 7.3.21-k8-NAPI
[   11.752574] e1000: Copyright (c) 1999-2006 Intel Corporation.
[   11.777652] Fusion MPT base driver 3.04.20
[   11.840706] Copyright (c) 1999-2008 LSI Corporation
[   11.899504] SSE version of gcm_enc/dec engaged.
[   11.980457] Fusion MPT SPI Host driver 3.04.20
[   12.087607] input: ImExPS/2 Generic Explorer Mouse as /devices/platform/i8042/serio1/input/input4
[   12.341578] e1000 0000:00:03.0 eth0: (PCI:33MHz:32-bit) 02:06:a9:f4:72:f7
[   12.348577] e1000 0000:00:03.0 eth0: Intel(R) PRO/1000 Network Connection
[   12.351368] mptbase: ioc0: Initiating bringup
[   12.814796] ioc0: LSI53C1030 A0: Capabilities={Initiator}
[   13.796555] scsi host2: ioc0: LSI53C1030 A0, FwRev=00000000h, Ports=1, MaxQ=256, IRQ=20
[   14.655463] scsi 2:0:0:0: Direct-Access     VBOX     HARDDISK         1.0  PQ: 0 ANSI: 5
[   14.685159] scsi target2:0:0: Beginning Domain Validation
[   14.688085] scsi target2:0:0: Domain Validation skipping write tests
[   14.696335] scsi target2:0:0: Ending Domain Validation
[   14.700194] scsi target2:0:0: asynchronous
[   14.702630] scsi 2:0:1:0: Direct-Access     VBOX     HARDDISK         1.0  PQ: 0 ANSI: 5
[   14.732979] scsi target2:0:1: Beginning Domain Validation
[   14.746205] scsi target2:0:1: Domain Validation skipping write tests
[   14.754593] scsi target2:0:1: Ending Domain Validation
[   14.757321] scsi target2:0:1: asynchronous
[   14.776628] sd 2:0:0:0: Attached scsi generic sg0 type 0
[   14.783812] sd 2:0:0:0: [sda] 20971520 512-byte logical blocks: (10.7 GB/10.0 GiB)
[   14.784091] floppy0: no floppy controllers found
[   14.784264] sd 2:0:0:0: [sda] Write Protect is off
[   14.784414] sd 2:0:0:0: [sda] Incomplete mode parameter data
[   14.784416] sd 2:0:0:0: [sda] Assuming drive cache: write through
[   14.813574] sd 2:0:1:0: Attached scsi generic sg1 type 0
[   14.815620] sd 2:0:1:0: [sdb] 20480 512-byte logical blocks: (10.5 MB/10.0 MiB)
[   14.815987] sd 2:0:1:0: [sdb] Write Protect is off
[   14.816303] sd 2:0:1:0: [sdb] Incomplete mode parameter data
[   14.816305] sd 2:0:1:0: [sdb] Assuming drive cache: write through
[   14.850716]  sda: sda1
[   14.884565] sd 2:0:0:0: [sda] Attached SCSI disk
[   14.941599] sd 2:0:1:0: [sdb] Attached SCSI disk
[   15.139362] e1000 0000:00:08.0 eth1: (PCI:33MHz:32-bit) 08:00:27:2e:8e:e4
[   15.151698] e1000 0000:00:08.0 eth1: Intel(R) PRO/1000 Network Connection
[   15.160411] e1000 0000:00:08.0 enp0s8: renamed from eth1
[   15.181798] e1000 0000:00:03.0 enp0s3: renamed from eth0
Begin: Loading essential drivers ... [   16.855621] md: linear personality registered for level -1
[   16.868536] md: multipath personality registered for level -4
[   16.880601] md: raid0 personality registered for level 0
[   16.892418] md: raid1 personality registered for level 1
[   17.019087] raid6: sse2x1   gen()  6122 MB/s
[   17.115080] raid6: sse2x1   xor()  5313 MB/s
[   17.259064] raid6: sse2x2   gen()  6850 MB/s
[   17.331099] raid6: sse2x2   xor()  5323 MB/s
[   17.403089] raid6: sse2x4   gen()  8561 MB/s
[   17.475072] raid6: sse2x4   xor()  6236 MB/s
[   17.487227] raid6: using algorithm sse2x4 gen() 8561 MB/s
[   17.500283] raid6: .... xor() 6236 MB/s, rmw enabled
[   17.501538] raid6: using ssse3x2 recovery algorithm
[   17.506100] xor: measuring software checksum speed
[   17.584142]    prefetch64-sse: 23904.000 MB/sec
[   17.669862]    generic_sse:  9115.000 MB/sec
[   17.694927] xor: using function: prefetch64-sse (23904.000 MB/sec)
[   17.700328] async_tx: api initialized (async)
[   17.745356] md: raid6 personality registered for level 6
[   17.761120] md: raid5 personality registered for level 5
[   17.801039] md: raid4 personality registered for level 4
[   17.856113] md: raid10 personality registered for level 10
done.
Begin: Running /scripts/init-premount ... done.
Begin: Mounting root file system ... Begin: Running /scripts/local-top ... done.
Begin: Running /scripts/local-premount ... [   17.957867] Btrfs loaded
Scanning for Btrfs filesystems
done.
Warning: fsck not present, so skipping root file system
[   18.100770] EXT4-fs (sda1): mounted filesystem with ordered data mode. Opts: (null)
done.
Begin: Running /scripts/local-bottom ... done.
Begin: Running /scripts/init-bottom ... done.
[   18.787650] random: nonblocking pool is initialized
[   19.876269] systemd[1]: systemd 229 running in system mode. (+PAM +AUDIT +SELINUX +IMA +APPARMOR +SMACK +SYSVINIT +UTMP +LIBCRYPTSETUP +GCRYPT +GNUTLS +ACL +XZ -LZ4 +SECCOMP +BLKID +ELFUTILS +KMOD -IDN)
[   20.048431] systemd[1]: Detected virtualization oracle.
[   20.100616] systemd[1]: Detected architecture x86-64.

Welcome to [1mUbuntu 16.04.3 LTS[0m!

[   20.19589syem1]Sehonae  <un-xnial>.
[   22.505962] systemd[1]: Reached target Swap.
[[0;32m  OK  [0m] Reached target Swap.
[   22.536138] systemd[1]: Listening on udev Control Socket.
[[0;32m  OK  [0m] Listening on udev Control Socket.
[ 22627588] systemd[1]: Reached target User and Group NamLookups.
[[0;32m  OK  [0m] Reached target User and Group Name Lookups.
[   22.860615] system[1 Cat sceUser anSession Slice.

[[0;32m  OK  [0m] Created slice User and Session Slice.
[   23.213265] systemd[1]: Listening on /dev/initctl Compatibility Named Pipe.
[[0;32m  OK  [0m] Listening on /dev/initctl Compatibility Named Pipe.
[   23.228084] systemd[1]: Listening on Syslog Socket.
[[0;32m  OK  [0m] Listening on Syslog Socket.
[   23.263602] systemd[1]: Listening on Journal Audit Socket.
[[0;32m  OK  [0m] Listening on Journal Audit Socket.
[  2.340 sted[1]: Created slice System Slice.
[[0;32m  OK  [0m] Created slice System Slice.
[   23.569309] systemd[1]: Reached target Slices.
[[0;32m  OK  [0m] Reached target Slices.
[   23.571559] systemd[1]: Reached target Encrypted Volumes.
[[0;32m  OK  [0m] Reached target Encrypted Volumes.
[  2615783] systemd[1]: Listening on Journal Socket.
[[0;32m  OK  [0m] Listening on Journal Socket.
[   23.787732] systemd[1]: Starting Load Kernel Modules...
         Starting Load Kernel Modules...
[   23.821837] systemd[1]: Starting Set console keymap...
         Starting Set console keymap...
[   23.847357] systemd[1]: Starting Nameserver information manager...
         Starting Nameserver information manager...
[   23.923323] systemd[1]: Mounting POSIX Message Queue File System...
         Mounting POSIX Message Queue File System...
[   23.954633] Loading iSCSI transport class v2.0-870.
[   23.956263] systemd[1]: Starting Uncomplicated firewall...
         Starting Uncomplicated firewall...
[   24.030557] sstmd1]: Set up automount Arbitrary Executable File Formats File System Automount Point.
[[0;32m  OK  [0m] Set up automount Arbitrary Executab...ats File System Automount Point.
[   24.158981] systemd[1]: Mounting Debug File System...
         Mounting Debug File System...
[   24.203659] systemd[1]: Started Trigger resolvconf update for networkd DNS.
[[0;32m  OK  [0[   24.217678] iscsi: registered transport (tcp)
m] Started Trigger resolvconf update for networkd DNS.
[   24.235660] systemd[1]: Listening on Device-mapper event daemon FIFOs.
[[0;32m  OK  [0m] Listening on Device-mapper event daemon FIFOs.
[   24.283308] systemd[1]: Listening on Journal Socket (/dev/log).
[[0;32m  OK  [0m] Listening on Journal Socket (/dev/log).
[   24.319674] systemd[1]: Started Forward Password Requests to Wall Directory Watch.
[[0;32m  OK  [0m] Started Forward Password Requests to Wall Directory Watch.
[   24.347933] systemd[1]: Starting Create list of required static device nodes for the current kernel...
         Starting Create list of required st... nodes for the current kernel...
[   24.459557] systemd[1]: Starting Remount Root and Kernel File Systems...
         Starting Remount Root and Kernel File Systems...
[   24.472414] systemd[1]: Listening on LVM2 metadata daemon socket.
[   24.487861] EXT4-fs (sda1): re-mounted.Op: ul) [   24.686464] iscsi: registered transport (iser)
[[0;32m  OK  [0m] Listening on LVM2 metadata daemon socket.
[   24.693359] systemd[1]: Listening on udev Kernel Socket.
[[0;32m  OK  [0m] Listening on udev Kernel Socket.
[   24.879624] systemd[1]: Starting Journal Service...
         Starting Journal Service...
[   25.006001] systemd[1]: Listening on LVM2 poll daemon socket.
[[0;32m  OK  [0m] Listening on LVM2 poll daemon socket.
[   25.091455] systemd[1]: Mounting Huge Pages File System...
         Mounting Huge Pages File System...
[   25.108597] systemd[1]: Starting Monitoring of LVM2 mirrors, snapshots etc. using dmeventd or progress polling...
         Starting Monitoring of LVM2 mirrors... dmeventd or progress polling...
[   25.172995] systemd[1]: Created slice system-serial\x2dgetty.slice.
[[0;32m  OK  [0m] Created slice system-serial\x2dgetty.slice.
[   25.325471] systemd[1]: Mounted POSIX Message Queue File System.
[[0;32m  OK  [0m] Mounted POSIX Message Queue File System.
[   25.534817] systemd[1]: Mounted Debug File System.
[[0;32m  OK  [0m] Mounted Debug File System.
[   25.540857] systemd[1]: Mounted Huge Pages File System.
[[0;32m  OK  [0m] Mounted Huge Pages File System.
[   25.546336] systemd[1]: Started Journal Service.
[[0;32m  OK  [0m] Started Journal Service.
[[0;32m  OK  [0m] Started Load Kernel Modules.
[[0;32m  OK  [0m] Started Set console keymap.
[[0;32m  OK  [0m] Started Uncomplicated firewall.
[[0;32m  OK  [0m] Started Create list of required sta...ce nodes for the current kernel.
[[0;32m  OK  [0m] Started Remount Root and Kernel File Systems.
[[0;32m  OK  [0m] Started Nameserver information manager.
[[0;32m  OK  [0m] Started LVM2 metadata daemon.
         Starting Load/Save Random Seed...
         Starting Initial cloud-init job (pre-networking)...
         Starting udev Coldplug all Devices...
         Starting Create Static Device Nodes in /dev...
         Starting Apply Kernel Variables...
         Mounting FUSE Control File System...
         Starting Flush Journal to Persistent Storage...
[[0;32m  OK  [0m] Mounted FUSE Control File System.
[[0;32m  OK  [0m] Started Load/Save Random Seed.
[[0;32m  OK  [0m] Started udev Coldplug all Devices.
[   26.194227] systemd-journald[414]: Received request to flush runtime journal from PID 1
[[0;32m  OK  [0m] Started Apply Kernel Variables.
[[0;32m  OK  [0m] Started Flush Journal to Persistent Storage.
[[0;32m  OK  [0m] Started Create Static Device Nodes in /dev.
[[0;32m  OK  [0m] Started Monitoring of LVM2 mirrors,...ng dmeventd or progress polling.
         Starting udev Kernel Device Manager...
[[0;32m  OK  [0m] Started udev Kernel Device Manager.
[[0;32m  OK  [0m] Reached target Local File Systems (Pre).
[[0;32m  OK  [0m] Reached target Local File Systems.
         Starting Set console font and keymap...
         Starting Tell Plymouth To Write Out Runtime Data...
         Starting LSB: AppArmor initialization...
         Starting Create Volatile Files and Directories...
[[0;32m  OK  [0m] Started Dispatch Password Requests to Console Directory Watch.
[[0;32m  OK  [0m] Started Tell Plymouth To Write Out Runtime Data.
[[0;32m  OK  [0m] Found device /dev/ttyS0.
[[0;32m  OK  [0m] Started Create Volatile Files and Directories.
[[0;32m  OK  [0m] Reached target System Time Synchronized.
         Starting Update UTMP about System Boot/Shutdown...
[[0;32m  OK  [0m] Found device 82540EM Gigabit Ethern...r (PRO/1000 MT Desktop Adapter).
[[0;32m  OK  [0m] Found device 82540EM Gigabit Ethern...r (PRO/1000 MT Desktop Adapter).
[[0;32m  OK  [0m] Started Set console font and keymap.
[[0;32m  OK  [0m] Created slice system-getty.slice.
[[0;32m  OK  [0m] Started Update UTMP about System Boot/Shutdown.
[[0;32m  OK  [0m] Listening on Load/Save RF Kill Switch Status /dev/rfkill Watch.
[[0;32m  OK  [0m] Started LSB: AppArmor initialization.
[   30.131806] cloud-init[442]: Cloud-init v. 17.1 running 'init-local' at Wed, 07 Mar 2018 11:57:22 +0000. Up 29.17 seconds.
[[0;32m  OK  [0m] Started Initial cloud-init job (pre-networking).
[[0;32m  OK  [0m] Reached target Network (Pre).
[[0;32m  OK  [0m] Started ifup for enp0s3.
         Starting Raise network interfaces...
[[0;32m  OK  [0m] Started ifup for enp0s8.
[[0;32m  OK  [0m] Started Raise network interfaces.
         Starting Initial cloud-init job (metadata service crawler)...
[[0;32m  OK  [0m] Reached target Network.
[   32.378145] cloud-init[1063]: Cloud-init v. 17.1 running 'init' at Wed, 07 Mar 2018 11:57:24 +0000. Up 31.28 seconds.
[   32.397275] cloud-init[1063]: ci-info: ++++++++++++++++++++++++++++++++++++++Net device info++++++++++++++++++++++++++++++++++++++
[   32.417724] cloud-init[1063]: ci-info: +--------+------+-----------------------------+---------------+-------+-------------------+
[   32.442598] cloud-init[1063]: ci-info: | Device |  Up  |           Address           |      Mask     | Scope |     Hw-Address    |
[   32.467309] cloud-init[1063]: ci-info: +--------+------+-----------------------------+---------------+-------+-------------------+
[[0;32m  OK  [0m] Started Initial cloud-init job (metadata service crawler).
[   32.493373] cloud-init[1063]: ci-info: | enp0s3 | True |          10.0.2.15          | 255.255.255.0 |   .   | 02:06:a9:f4:72:f7 |
[   32.501904] [[0;32m  OK  [0m] Reached target System Initialization.
cloud-init[1063]: ci-info: | enp0s3 | True |  fe80::6:a9ff:fef4:72f7/64  |       .       |  link | 02:06:a9:f4:72:f7 |
[   32.514954] [cloud-init[0;32m  OK  [0m[1063]: ] ci-info: | enp0s8 | True |        192.168.33.10        | 255.255.255.0 |   .   | 08:00:27:2e:8e:e4 |Started ACPI Events Check.

[   32.515810] [cloud-init[0;32m  OK  [0m[1063]: ] ci-info: | enp0s8 | True | fe80::a00:27ff:fe2e:8ee4/64 |       .       |  link | 08:00:27:2e:8e:e4 |Reached target Paths.

[[0;32m  OK  [0m] Listening on D-Bus System Message Bus Socket.
[   32.523813] cloud-init[1063]: ci-info: |   lo   | True |          127.0.0.1          |   255.0.0.0   |   .   |         .         |
[   32.534434] cloud-init[1063]: ci-info: |   lo   | True |           ::1/128           |       .       |  host |         .         |
         Starting Socket activation for snappy daemon.
[   32.535159] cloud-init[1063]: ci-info: +--------+------+-----------------------------+---------------+-------+-------------------+
[   32.545777]          cloud-initStarting LXD - unix socket.[1063]: 
ci-info: ++++++++++++++++++++++++++++Route IPv4 info++++++++++++++++++++++++++++
[   32.550114] cloud-init[1063]: ci-info: +-------+--------------+----------+---------------+-----------+-------+
[   32.562209] cloud-init[1063]: ci-info: | Route | Destination  | Gateway  |    Genmask    | Interface | Flags |
[   32.572081] cloud-init[1063]: ci-info: +-------+--------------+----------+---------------+-----------+-------+
[   32.578669] cloud-init[1063]: ci-info: |   0   |   0.0.0.0    | 10.0.2.2 |    0.0.0.0    |   enp0s3  |   UG  |
[   32.645860] cloud-init[1063]: ci-info: |   1   |   10.0.2.0   | 0.0.0.0  | 255.255.255.0 |   enp0s3  |   U   |
[   32.661546] [cloud-init[0;32m  OK  [0m[1063]: ] ci-info: |   2   | 192.168.33.0 | 0.0.0.0  | 255.255.255.0 |   enp0s8  |   U   |Started Timer to automatically refresh installed snaps.

[   32.704769] [cloud-init[0;32m  OK  [0m[1063]: ] ci-info: +-------+--------------+----------+---------------+-----------+-------+Listening on ACPID Listen Socket.

[[0;32m  OK  [0m] Listening on UUID daemon activation socket.
[[0;32m  OK  [0m] Started Daily Cleanup of Temporary Directories.
[[0;32m  OK  [0m] Reached target Cloud-config availability.
[[0;32m  OK  [0m] Reached target Network is Online.
[[0;32m  OK  [0m] Started Daily apt download activities.
[[0;32m  OK  [0m] Started Daily apt upgrade and clean activities.
[[0;32m  OK  [0m] Reached target Timers.
         Starting iSCSI initiator daemon (iscsid)...
[[0;32m  OK  [0m] Listening on Socket activation for snappy daemon.
[[0;32m  OK  [0m] Listening on LXD - unix socket.
[[0;32m  OK  [0m] Reached target Sockets.
[[0;32m  OK  [0m] Reached target Basic System.
[[0;32m  OK  [0m] Started Regular background program processing daemon.
         Starting Login Service...
         Starting LSB: MD monitoring daemon...
[[0;32m  OK  [0m] Started ACPI event daemon.
         Starting System Logging Service...
[[0;32m  OK  [0m] Started FUSE filesystem for LXC.
         Starting Apply the settings specified in cloud-config...
         Starting A high performance web server and a reverse proxy server...
         Starting Accounts Service...
[[0;32m  OK  [0m] Started Unattended Upgrades Shutdown.
[[0;32m  OK  [0m] Started Deferred execution scheduler.
         Starting LSB: Record successful boot for GRUB...
         Starting LXD - container startup/shutdown...
         Starting OpenBSD Secure Shell server...
[[0;32m  OK  [0m] Started D-Bus System Message Bus.
[   34.650893] cloud-init[1134]: Cloud-init v. 17.1 running 'modules:config' at Wed, 07 Mar 2018 11:57:27 +0000. Up 33.87 seconds.
         Starting /etc/rc.local Compatibility...
         Starting The PHP 7.0 FastCGI Process Manager...
         Starting MySQL Community Server...
         Starting Snappy daemon...
[[0;32m  OK  [0m] Started System Logging Service.
[[0;32m  OK  [0m] Started OpenBSD Secure Shell server.
[[0;32m  OK  [0m] Started iSCSI initiator daemon (iscsid).
[[0;32m  OK  [0m] Started Apply the settings specified in cloud-config.
[[0;32m  OK  [0m] Started /etc/rc.local Compatibility.
         Starting Login to default iSCSI targets...
[[0;32m  OK  [0m] Started Login Service.
         Starting Authenticate and Authorize Users to Run Privileged Tasks...
[[0;32m  OK  [0m] Started LSB: MD monitoring daemon.
[[0;32m  OK  [0m] Started Login to default iSCSI targets.
[[0;32m  OK  [0m] Reached target Remote File Systems (Pre).
[[0;32m  OK  [0m] Reached target Remote File Systems.
         Starting LSB: automatic crash report generation...
         Starting LSB: daemon to balance interrupts for SMP systems...
         Starting Permit User Sessions...
         Starting LSB: VirtualBox Linux Additions...
         Starting LSB: Set the CPU Frequency Scaling governor to "ondemand"...
[[0;32m  OK  [0m] Started LSB: Record successful boot for GRUB.
[[0;32m  OK  [0m] Started LSB: Set the CPU Frequency Scaling governor to "ondemand".
[[0;32m  OK  [0m] Started Authenticate and Authorize Users to Run Privileged Tasks.
[[0;32m  OK  [0m] Started Accounts Service.
[[0;32m  OK  [0m] Started Permit User Sessions.
         Starting Hold until boot process finishes up...
         Starting Terminate Plymouth Boot Screen...
[[0;32m  OK  [0m] Started Hold until boot process finishes up.
[[0;32m  OK  [0m] Started Terminate Plymouth Boot Screen.
         Starting Set console scheme...
[[0;32m  OK  [0m] Started Serial Getty on ttyS0.
[[0;32m  OK  [0m] Started Getty on tty1.
[[0;32m  OK  [0m] Reached target Login Prompts.
[[0;32m  OK  [0m] Started Set console scheme.
[[0;32m  OK  [0m] Started LSB: automatic crash report generation.
[[0;32m  OK  [0m] Started LSB: daemon to balance interrupts for SMP systems.
[[0;32m  OK  [0m] Started LSB: VirtualBox Linux Additions.
[[0;32m  OK  [0m] Started A high performance web server and a reverse proxy server.
[[0;32m  OK  [0m] Started LXD - container startup/shutdown.
[[0;32m  OK  [0m] Created slice User Slice of ubuntu.
         Starting User Manager for UID 1000...
[[0;32m  OK  [0m] Started Snappy daemon.
[[0;32m  OK  [0m] Started Session 1 of user ubuntu.
[[0;32m  OK  [0m] Started User Manager for UID 1000.

Ubuntu 16.04.3 LTS ubuntu-xenial ttyS0

ubuntu-xenial login: [   47.045605] cloud-init[1553]: Cloud-init v. 17.1 running 'modules:final' at Wed, 07 Mar 2018 11:57:40 +0000. Up 46.75 seconds.
[   47.046624] cloud-init[1553]: Cloud-init v. 17.1 finished at Wed, 07 Mar 2018 11:57:40 +0000. Datasource DataSourceNoCloud [seed=/dev/sdb][dsmode=net].  Up 47.03 seconds
